[2025-08-14 06:02:09] 分號 1434220605 的 status0 值為 6 (大於 1)，因此本次更新將不修改 status0。
[2025-08-14 06:10:56] 分號 1435674376 的 status0 值為 7 (大於 1)，因此本次更新將不修改 status0。
[2025-08-14 06:11:14] 分號 HYB1516766 的 status0 值為 7 (大於 1)，因此本次更新將不修改 status0。
[2025-08-14 06:11:45] 分號 HYB1517982 的 status0 值為 5 (大於 1)，因此本次更新將不修改 status0。
[2025-08-14 06:13:59] 分號 1435662270 的 status0 值為 7 (大於 1)，因此本次更新將不修改 status0。
[2025-08-14 06:27:22] 分號 AC1753844258576 的 status0 值為 7 (大於 1)，因此本次更新將不修改 status0。
[2025-08-15 07:20:55] 分號 1433203236 的 status0 值為 5 (大於 1)，因此本次更新將不修改 status0。
[2025-08-15 07:48:49] 分號 1433203236 的 status0 值為 5 (大於 1)，因此本次更新將不修改 status0。
[2025-08-15 07:57:05] 分號 1433203236 的 status0 值為 5 (大於 1)，因此本次更新將不修改 status0。
[2025-08-15 08:01:34] 分號 1433203236 的 status0 值為 5 (大於 1)，因此本次更新將不修改 status0。
[2025-08-19 03:35:48] 分號 HYB1516766 的 status0 值為 7 (大於 1)，因此本次更新將不修改 status0。
[2025-08-19 14:20:54] 分號 EF00111555 的 status0 值為 5 (大於 1)，因此本次更新將不修改 status0。
[2025-08-29 07:03:24] 分號 HY01570655 的 status0 值為 2 (大於 1)，因此本次更新將不修改 status0。
[2025-08-29 07:22:18] 分號 LY175530785645 的 status0 值為 2 (大於 1)，因此本次更新將不修改 status0。
[2025-08-30 10:33:16] 分號 LY1754967552800 的 status0 值為 5 (大於 1)，因此本次更新將不修改 status0。
[2025-08-30 10:33:16] 分號 LY1754967561723 的 status0 值為 5 (大於 1)，因此本次更新將不修改 status0。
[2025-08-30 10:33:16] 分號 LY1754968509655 的 status0 值為 5 (大於 1)，因此本次更新將不修改 status0。
[2025-08-30 10:33:16] 分號 LY1754968523532 的 status0 值為 5 (大於 1)，因此本次更新將不修改 status0。
[2025-08-30 10:33:17] 分號 LY1754970125455 的 status0 值為 5 (大於 1)，因此本次更新將不修改 status0。
[2025-08-30 10:33:17] 分號 LY1754970180285 的 status0 值為 5 (大於 1)，因此本次更新將不修改 status0。
[2025-08-30 10:33:17] 分號 LY1754981247214 的 status0 值為 5 (大於 1)，因此本次更新將不修改 status0。
[2025-08-30 10:33:17] 分號 LY1754981251271 的 status0 值為 5 (大於 1)，因此本次更新將不修改 status0。
[2025-08-30 10:33:17] 分號 LY1754981349522 的 status0 值為 5 (大於 1)，因此本次更新將不修改 status0。
[2025-08-30 10:33:17] 分號 LY1754981353861 的 status0 值為 5 (大於 1)，因此本次更新將不修改 status0。
[2025-08-30 10:33:17] 分號 LY1754981516231 的 status0 值為 5 (大於 1)，因此本次更新將不修改 status0。
[2025-08-30 10:33:17] 分號 LY1754984477943 的 status0 值為 5 (大於 1)，因此本次更新將不修改 status0。
[2025-08-30 10:33:17] 分號 LY1754984486762 的 status0 值為 5 (大於 1)，因此本次更新將不修改 status0。
[2025-08-30 10:33:44] 分號 LY1755067023209 的 status0 值為 5 (大於 1)，因此本次更新將不修改 status0。
[2025-08-30 10:33:44] 分號 LY1755067026758 的 status0 值為 5 (大於 1)，因此本次更新將不修改 status0。
[2025-08-30 10:33:44] 分號 LY1755067030561 的 status0 值為 5 (大於 1)，因此本次更新將不修改 status0。
[2025-09-01 01:59:23] 分號 HYB1517982 的 status0 值為 7 (大於 1)，因此本次更新將不修改 status0。
[2025-09-01 02:00:09] 分號 HY01570655 的 status0 值為 2 (大於 1)，因此本次更新將不修改 status0。
[2025-09-01 02:14:51] 分號 EF00111555 的 status0 值為 5 (大於 1)，因此本次更新將不修改 status0。
[2025-09-01 02:16:08] 分號 EF00111555 的 status0 值為 5 (大於 1)，因此本次更新將不修改 status0。
[2025-09-01 02:28:10] 分號 AC1742195211923 的 status0 值為 7 (大於 1)，因此本次更新將不修改 status0。
[2025-09-01 02:30:38] 分號 AC1753844258576 的 status0 值為 7 (大於 1)，因此本次更新將不修改 status0。
[2025-09-01 02:31:04] 分號 AC1753597541337 的 status0 值為 7 (大於 1)，因此本次更新將不修改 status0。
[2025-09-01 02:31:15] 分號 AC1754372459715 的 status0 值為 2 (大於 1)，因此本次更新將不修改 status0。
[2025-09-01 02:33:32] 分號 LY175530785645 的 status0 值為 2 (大於 1)，因此本次更新將不修改 status0。
[2025-09-01 02:35:35] 分號 LY175602242562 的 status0 值為 5 (大於 1)，因此本次更新將不修改 status0。
[2025-09-01 02:35:56] 分號 LY175609209061 的 status0 值為 5 (大於 1)，因此本次更新將不修改 status0。
[2025-09-01 02:46:55] 分號 801772545232 的 status0 值為 2 (大於 1)，因此本次更新將不修改 status0。
[2025-09-01 02:47:10] 分號 1433203236 的 status0 值為 5 (大於 1)，因此本次更新將不修改 status0。
[2025-09-01 02:47:22] 分號 801772598110 的 status0 值為 7 (大於 1)，因此本次更新將不修改 status0。
[2025-09-01 02:47:39] 分號 JG0325100235 的 status0 值為 2 (大於 1)，因此本次更新將不修改 status0。
[2025-09-01 02:47:48] 分號 801772612642 的 status0 值為 7 (大於 1)，因此本次更新將不修改 status0。
[2025-09-01 02:48:10] 分號 801817672810 的 status0 值為 2 (大於 1)，因此本次更新將不修改 status0。
[2025-09-01 02:48:21] 分號 801772645435 的 status0 值為 7 (大於 1)，因此本次更新將不修改 status0。
[2025-09-01 02:49:04] 分號 801772709260 的 status0 值為 2 (大於 1)，因此本次更新將不修改 status0。
[2025-09-01 02:49:17] 分號 1618430015 的 status0 值為 7 (大於 1)，因此本次更新將不修改 status0。
[2025-09-01 02:50:50] 分號 440LV8096439 的 status0 值為 5 (大於 1)，因此本次更新將不修改 status0。
[2025-09-01 02:52:12] 分號 LY1754967552800 的 status0 值為 5 (大於 1)，因此本次更新將不修改 status0。
[2025-09-01 02:52:12] 分號 LY1754967561723 的 status0 值為 5 (大於 1)，因此本次更新將不修改 status0。
[2025-09-01 02:52:12] 分號 LY1754968509655 的 status0 值為 5 (大於 1)，因此本次更新將不修改 status0。
[2025-09-01 02:52:12] 分號 LY1754968523532 的 status0 值為 5 (大於 1)，因此本次更新將不修改 status0。
[2025-09-01 02:52:12] 分號 LY1754970125455 的 status0 值為 5 (大於 1)，因此本次更新將不修改 status0。
[2025-09-01 02:52:12] 分號 LY1754970180285 的 status0 值為 5 (大於 1)，因此本次更新將不修改 status0。
[2025-09-01 02:52:12] 分號 LY1754981247214 的 status0 值為 5 (大於 1)，因此本次更新將不修改 status0。
[2025-09-01 02:52:12] 分號 LY1754981251271 的 status0 值為 5 (大於 1)，因此本次更新將不修改 status0。
[2025-09-01 02:52:12] 分號 LY1754981349522 的 status0 值為 5 (大於 1)，因此本次更新將不修改 status0。
[2025-09-01 02:52:12] 分號 LY1754981353861 的 status0 值為 5 (大於 1)，因此本次更新將不修改 status0。
[2025-09-01 02:52:12] 分號 LY1754981516231 的 status0 值為 5 (大於 1)，因此本次更新將不修改 status0。
[2025-09-01 02:52:12] 分號 LY1754984477943 的 status0 值為 5 (大於 1)，因此本次更新將不修改 status0。
[2025-09-01 02:52:12] 分號 LY1754984486762 的 status0 值為 5 (大於 1)，因此本次更新將不修改 status0。
[2025-09-01 02:52:12] 分號 LY1755067023209 的 status0 值為 5 (大於 1)，因此本次更新將不修改 status0。
[2025-09-01 02:52:12] 分號 LY1755067026758 的 status0 值為 5 (大於 1)，因此本次更新將不修改 status0。
[2025-09-01 02:52:12] 分號 LY1755067030561 的 status0 值為 5 (大於 1)，因此本次更新將不修改 status0。
[2025-09-01 02:55:01] 分號 LY175567858671 的 status0 值為 5 (大於 1)，因此本次更新將不修改 status0。
[2025-09-01 02:55:01] 分號 LY175567860010 的 status0 值為 5 (大於 1)，因此本次更新將不修改 status0。
[2025-09-01 02:55:01] 分號 LY175567891574 的 status0 值為 5 (大於 1)，因此本次更新將不修改 status0。
[2025-09-01 02:55:01] 分號 LY175567940024 的 status0 值為 5 (大於 1)，因此本次更新將不修改 status0。
[2025-09-01 02:55:01] 分號 LY175568022020 的 status0 值為 5 (大於 1)，因此本次更新將不修改 status0。
[2025-09-01 02:55:01] 分號 LY175568023229 的 status0 值為 5 (大於 1)，因此本次更新將不修改 status0。
[2025-09-01 02:55:01] 分號 LY175574720558 的 status0 值為 5 (大於 1)，因此本次更新將不修改 status0。
[2025-09-01 02:55:01] 分號 LY175574739573 的 status0 值為 5 (大於 1)，因此本次更新將不修改 status0。
[2025-09-01 02:55:01] 分號 LY175576470928 的 status0 值為 5 (大於 1)，因此本次更新將不修改 status0。
[2025-09-01 02:55:01] 分號 LY175576474351 的 status0 值為 5 (大於 1)，因此本次更新將不修改 status0。
[2025-09-01 02:55:01] 分號 LY175576492626 的 status0 值為 5 (大於 1)，因此本次更新將不修改 status0。
[2025-09-01 02:55:01] 分號 LY175576637223 的 status0 值為 5 (大於 1)，因此本次更新將不修改 status0。
[2025-09-01 02:55:58] 分號 1618426891 的 status0 值為 5 (大於 1)，因此本次更新將不修改 status0。
[2025-09-01 02:55:59] 分號 1618426913 的 status0 值為 5 (大於 1)，因此本次更新將不修改 status0。
[2025-09-01 02:55:59] 分號 1618426924 的 status0 值為 5 (大於 1)，因此本次更新將不修改 status0。
[2025-09-01 02:55:59] 分號 1618426946 的 status0 值為 5 (大於 1)，因此本次更新將不修改 status0。
[2025-09-01 02:55:59] 分號 1618426950 的 status0 值為 5 (大於 1)，因此本次更新將不修改 status0。
[2025-09-01 02:55:59] 分號 1618426972 的 status0 值為 5 (大於 1)，因此本次更新將不修改 status0。
[2025-09-01 02:55:59] 分號 1618427020 的 status0 值為 5 (大於 1)，因此本次更新將不修改 status0。
[2025-09-01 02:55:59] 分號 1618427031 的 status0 值為 5 (大於 1)，因此本次更新將不修改 status0。
[2025-09-01 02:55:59] 分號 1618427053 的 status0 值為 5 (大於 1)，因此本次更新將不修改 status0。
[2025-09-01 02:55:59] 分號 1618427075 的 status0 值為 5 (大於 1)，因此本次更新將不修改 status0。
[2025-09-01 02:55:59] 分號 1618427086 的 status0 值為 5 (大於 1)，因此本次更新將不修改 status0。
[2025-09-01 02:55:59] 分號 1618427101 的 status0 值為 5 (大於 1)，因此本次更新將不修改 status0。
[2025-09-01 02:55:59] 分號 1618427112 的 status0 值為 5 (大於 1)，因此本次更新將不修改 status0。
[2025-09-01 02:55:59] 分號 1618427134 的 status0 值為 5 (大於 1)，因此本次更新將不修改 status0。
[2025-09-01 02:55:59] 分號 1618427156 的 status0 值為 5 (大於 1)，因此本次更新將不修改 status0。
[2025-09-01 02:55:59] 分號 1618427160 的 status0 值為 5 (大於 1)，因此本次更新將不修改 status0。
[2025-09-01 02:55:59] 分號 1618546300 的 status0 值為 5 (大於 1)，因此本次更新將不修改 status0。
[2025-09-01 02:56:30] 分號 LY175567469606 的 status0 值為 5 (大於 1)，因此本次更新將不修改 status0。
[2025-09-01 02:56:30] 分號 LY175567473583 的 status0 值為 5 (大於 1)，因此本次更新將不修改 status0。
[2025-09-01 02:56:30] 分號 LY175567620794 的 status0 值為 5 (大於 1)，因此本次更新將不修改 status0。
[2025-09-01 02:56:30] 分號 LY175574799371 的 status0 值為 5 (大於 1)，因此本次更新將不修改 status0。
[2025-09-01 02:56:30] 分號 LY175575328927 的 status0 值為 5 (大於 1)，因此本次更新將不修改 status0。
[2025-09-01 02:56:30] 分號 LY175575332712 的 status0 值為 5 (大於 1)，因此本次更新將不修改 status0。
[2025-09-01 02:57:55] 分號 HY01586906 的 status0 值為 5 (大於 1)，因此本次更新將不修改 status0。
[2025-09-01 02:57:55] 分號 HY01586907 的 status0 值為 5 (大於 1)，因此本次更新將不修改 status0。
[2025-09-01 02:57:55] 分號 HY01586908 的 status0 值為 5 (大於 1)，因此本次更新將不修改 status0。
[2025-09-01 02:57:55] 分號 HY01586909 的 status0 值為 5 (大於 1)，因此本次更新將不修改 status0。
[2025-09-01 02:57:55] 分號 HYB1600039 的 status0 值為 5 (大於 1)，因此本次更新將不修改 status0。
[2025-09-01 02:57:55] 分號 HYB1600043 的 status0 值為 5 (大於 1)，因此本次更新將不修改 status0。
[2025-09-01 02:57:55] 分號 HYB1600044 的 status0 值為 5 (大於 1)，因此本次更新將不修改 status0。
[2025-09-01 02:57:55] 分號 HYB1600749 的 status0 值為 5 (大於 1)，因此本次更新將不修改 status0。
[2025-09-01 02:57:55] 分號 HYB1600756 的 status0 值為 5 (大於 1)，因此本次更新將不修改 status0。
[2025-09-04 08:47:31] 分號 801772846655 的 status0 值為 7 (大於 1)，因此本次更新將不修改 status0。
[2025-09-05 07:47:57] 分號 LY175602242562 的 status0 值為 5 (大於 1)，因此本次更新將不修改 status0。
[2025-09-09 08:51:03] 分號 LY175703453114 的 status0 值為 5 (大於 1)，因此本次更新將不修改 status0。
[2025-09-09 08:51:52] 分號 LY175703453114 的 status0 值為 5 (大於 1)，因此本次更新將不修改 status0。
[2025-09-10 09:24:52] 分號 HYB1430744 的 status0 值為 7 (大於 1)，因此本次更新將不修改 status0。
[2025-09-10 09:27:24] 分號 LY175663749534 的 status0 值為 7 (大於 1)，因此本次更新將不修改 status0。
