[2025-08-14 13:41:56] [alumi136] 查詢異常件報告成功，日期範圍: 2025-08-01 至 2025-08-21，狀態: LEAK_MISMATCH，共 2015 筆。
[2025-08-14 13:43:18] [alumi136] 查詢異常件報告成功，日期範圍: 2025-08-01 至 2025-08-21，狀態: LEAK_MISMATCH，共 2015 筆。
[2025-08-14 13:43:31] [alumi136] 查詢異常件報告成功，日期範圍: 2025-08-01 至 2025-08-21，狀態: LEAK_MISMATCH，共 2015 筆。
[2025-08-14 13:43:35] [alumi136] 查詢異常件報告成功，日期範圍: 2025-08-01 至 2025-08-21，狀態: LEAK_MISMATCH，共 2015 筆。
[2025-08-14 13:43:48] [alumi136] 查詢異常件報告成功，日期範圍: 2025-08-01 至 2025-08-21，狀態: LEAK_MISMATCH，共 2015 筆。
[2025-08-14 13:43:57] [alumi136] 查詢異常件報告成功，日期範圍: 2025-08-01 至 2025-08-21，狀態: LEAK_MISMATCH，共 2015 筆。
[2025-08-14 13:44:11] [alumi136] 查詢異常件報告成功，日期範圍: 2025-08-01 至 2025-08-01，狀態: LEAK_MISMATCH，共 90 筆。
[2025-08-14 13:44:27] [alumi136] 查詢異常件報告成功，日期範圍: 2025-08-01 至 2025-08-01，狀態: LEAK_MISMATCH，共 90 筆。
[2025-08-14 13:44:32] [alumi136] 查詢異常件報告成功，日期範圍: 2025-08-01 至 2025-08-01，狀態: LEAK_MISMATCH，共 90 筆。
[2025-08-14 13:45:44] [alumi136] 查詢異常件報告成功，日期範圍: 2025-08-07 至 2025-08-07，狀態: LEAK_MISMATCH，共 66 筆。
[2025-08-14 13:48:24] [alumi136] 查詢異常件報告成功，日期範圍: 2025-08-07 至 2025-08-07，狀態: LEAK_MISMATCH，共 66 筆。
[2025-08-15 03:54:00] [alumi136] 查詢異常件報告成功，日期範圍: 2025-08-01 至 2025-08-14，狀態: LEAK_MISMATCH_NONZERO_OUT，共 12 筆。
[2025-08-15 09:31:53] [alumi136] 查詢異常件報告成功，日期範圍: 2025-08-01 至 2025-08-15，狀態: LEAK_MISMATCH_NONZERO_OUT，共 22 筆。
[2025-08-15 09:31:53] [alumi136] 查詢異常件報告成功，日期範圍: 2025-08-01 至 2025-08-15，狀態: LEAK_MISMATCH_NONZERO_OUT，共 22 筆。
[2025-08-15 09:33:54] [alumi136] 查詢異常件報告成功，日期範圍: 2025-08-01 至 2025-08-15，狀態: 1，共 1 筆。
[2025-08-15 09:34:02] [alumi136] 查詢異常件報告成功，日期範圍: 2025-08-01 至 2025-08-15，狀態: 2，共 2 筆。
[2025-08-15 09:34:14] [alumi136] 查詢異常件報告成功，日期範圍: 2025-08-01 至 2025-08-15，狀態: LEAK_MISMATCH，共 1816 筆。
[2025-08-15 09:34:44] [alumi136] 查詢異常件報告成功，日期範圍: 2025-08-01 至 2025-08-15，狀態: LEAK_MISMATCH_NONZERO_OUT，共 22 筆。
[2025-08-15 09:35:03] [alumi136] 查詢異常件報告成功，日期範圍: 2025-08-01 至 2025-08-15，狀態: 3，共 22 筆。
[2025-08-18 01:12:30] [alumi136] 查詢異常件報告成功，日期範圍: 2025-08-14 至 2025-08-18，狀態: LEAK_MISMATCH_NONZERO_OUT，共 2 筆。
[2025-08-18 01:14:41] [alumi136] 查詢異常件報告成功，日期範圍: 2025-08-14 至 2025-08-18，狀態: ALL，共 1 筆。
[2025-08-18 01:15:00] [alumi136] 查詢異常件報告成功，日期範圍: 2025-08-14 至 2025-08-18，狀態: LEAK_MISMATCH，共 582 筆。
[2025-08-18 01:15:14] [alumi136] 查詢異常件報告成功，日期範圍: 2025-08-15 至 2025-08-15，狀態: LEAK_MISMATCH，共 298 筆。
[2025-08-18 01:15:35] [alumi136] 查詢異常件報告，日期範圍: 2025-08-15 至 2025-08-15，狀態: 1，無資料。
[2025-08-18 01:15:39] [alumi136] 查詢異常件報告，日期範圍: 2025-08-15 至 2025-08-15，狀態: ALL，無資料。
[2025-08-18 01:15:49] [alumi136] 查詢異常件報告，日期範圍: 2025-08-15 至 2025-08-15，狀態: 3，無資料。
[2025-08-18 01:16:05] [alumi136] 查詢異常件報告，日期範圍: 2025-08-14 至 2025-08-15，狀態: 3，無資料。
[2025-08-18 01:16:10] [alumi136] 查詢異常件報告成功，日期範圍: 2025-08-14 至 2025-08-15，狀態: LEAK_MISMATCH，共 582 筆。
[2025-08-18 01:18:47] [alumi136] 查詢異常件報告成功，日期範圍: 2025-08-14 至 2025-08-14，狀態: LEAK_MISMATCH，共 284 筆。
[2025-08-18 01:19:45] [alumi136] 查詢異常件報告成功，日期範圍: 2025-08-14 至 2025-08-14，狀態: LEAK_MISMATCH_NONZERO_OUT，共 2 筆。
[2025-08-19 14:21:35] [alumi136] 查詢異常件報告成功，日期範圍: 2025-08-14 至 2025-08-19，狀態: ALL，共 5 筆。
[2025-08-19 14:22:21] [alumi136] 查詢異常件報告，日期範圍: 2025-08-14 至 2025-08-19，狀態: 5，無資料。
[2025-08-19 14:22:55] [alumi136] 查詢異常件報告成功，日期範圍: 2025-08-14 至 2025-08-19，狀態: 1，共 3 筆。
[2025-08-19 14:23:29] [alumi136] 查詢異常件報告成功，日期範圍: 2025-08-01 至 2025-08-19，狀態: 1，共 3 筆。
[2025-08-19 14:23:35] [alumi136] 查詢異常件報告成功，日期範圍: 2025-08-01 至 2025-08-19，狀態: 2，共 3 筆。
[2025-08-19 14:23:52] [alumi136] 查詢異常件報告成功，日期範圍: 2025-08-01 至 2025-08-19，狀態: 5，共 1 筆。
[2025-08-19 14:24:02] [alumi136] 查詢異常件報告，日期範圍: 2025-08-01 至 2025-08-19，狀態: 6，無資料。
[2025-08-19 14:24:07] [alumi136] 查詢異常件報告成功，日期範圍: 2025-08-01 至 2025-08-19，狀態: 7，共 7 筆。
[2025-08-25 02:10:24] [alumi136] 查詢異常件報告成功，日期範圍: 2025-08-11 至 2025-08-22，狀態: LEAK_MISMATCH_NONZERO_OUT，共 19 筆。
[2025-08-25 02:10:24] [alumi136] 查詢異常件報告成功，日期範圍: 2025-08-11 至 2025-08-22，狀態: LEAK_MISMATCH_NONZERO_OUT，共 19 筆。
[2025-08-25 16:19:41] [alumi136] 查詢異常件報告成功，日期範圍: 2025-08-01 至 2025-08-26，狀態: LEAK_MISMATCH_NONZERO_OUT，共 21 筆。
[2025-08-25 16:19:42] [alumi136] 查詢異常件報告成功，日期範圍: 2025-08-01 至 2025-08-26，狀態: LEAK_MISMATCH_NONZERO_OUT，共 21 筆。
[2025-08-25 16:28:04] [alumi136] 查詢異常件報告成功，日期範圍: 2025-08-01 至 2025-08-26，狀態: LEAK_MISMATCH，共 903 筆。
[2025-08-27 05:45:49] [alumi136] 查詢異常件報告成功，日期範圍: 2025-08-11 至 2025-08-22，狀態: ALL，共 25 筆。
[2025-08-27 05:46:34] [alumi136] 查詢異常件報告成功，日期範圍: 2025-08-11 至 2025-08-25，狀態: ALL，共 26 筆。
[2025-08-27 05:46:57] [alumi136] 查詢異常件報告成功，日期範圍: 2025-08-11 至 2025-08-25，狀態: LEAK_MISMATCH，共 454 筆。
[2025-08-27 10:07:20] [alumi136] 查詢異常件報告成功，日期範圍: 2025-08-18 至 2025-08-27，狀態: LEAK_MISMATCH_NONZERO_OUT，共 16 筆。
[2025-08-27 10:07:21] [alumi136] 查詢異常件報告成功，日期範圍: 2025-08-18 至 2025-08-27，狀態: LEAK_MISMATCH_NONZERO_OUT，共 16 筆。
[2025-08-27 10:07:21] [alumi136] 查詢異常件報告成功，日期範圍: 2025-08-18 至 2025-08-27，狀態: LEAK_MISMATCH_NONZERO_OUT，共 16 筆。
[2025-08-28 12:37:23] [alumi136] 查詢異常件報告成功，日期範圍: 2025-08-18 至 2025-08-22，狀態: 1，共 3 筆。
[2025-08-28 12:39:31] [alumi136] 查詢異常件報告成功，日期範圍: 2025-08-18 至 2025-08-27，狀態: 1，共 4 筆。
[2025-08-28 12:40:07] [alumi136] 查詢異常件報告成功，日期範圍: 2025-08-18 至 2025-08-21，狀態: ALL，共 11 筆。
[2025-08-28 12:40:48] [alumi136] 查詢異常件報告成功，日期範圍: 2025-08-18 至 2025-08-21，狀態: 1，共 3 筆。
[2025-08-28 12:41:24] [alumi136] 查詢異常件報告成功，日期範圍: 2025-08-25 至 2025-08-27，狀態: LEAK_MISMATCH，共 317 筆。
[2025-08-28 12:43:39] [alumi136] 查詢異常件報告成功，日期範圍: 2025-08-28 至 2025-08-28，狀態: LEAK_MISMATCH，共 311 筆。
[2025-08-28 12:44:08] [alumi136] 查詢異常件報告，日期範圍: 2025-08-28 至 2025-08-28，狀態: LEAK_MISMATCH_NONZERO_OUT，無資料。
[2025-08-28 12:44:16] [alumi136] 查詢異常件報告成功，日期範圍: 2025-08-01 至 2025-08-28，狀態: LEAK_MISMATCH_NONZERO_OUT，共 20 筆。
[2025-08-28 12:47:12] [alumi136] 查詢異常件報告成功，日期範圍: 2025-08-01 至 2025-08-28，狀態: ALL，共 35 筆。
[2025-08-28 12:51:01] [alumi136] 查詢異常件報告成功，日期範圍: 2025-08-01 至 2025-08-28，狀態: 5，共 4 筆。
[2025-08-28 13:55:27] [alumi136] 查詢異常件報告成功，日期範圍: 2025-08-18 至 2025-08-27，狀態: LEAK_MISMATCH_NONZERO_OUT，共 14 筆。
[2025-08-28 13:56:25] [alumi136] 查詢異常件報告成功，日期範圍: 2025-08-28 至 2025-08-28，狀態: LEAK_MISMATCH，共 311 筆。
[2025-08-28 13:57:18] [alumi136] 查詢異常件報告成功，日期範圍: 2025-08-01 至 2025-08-28，狀態: ALL，共 35 筆。
[2025-08-29 07:04:36] [alumi136] 查詢異常件報告成功，日期範圍: 2025-08-04 至 2025-08-28，狀態: ALL，共 35 筆。
[2025-08-29 07:04:37] [alumi136] 查詢異常件報告成功，日期範圍: 2025-08-04 至 2025-08-28，狀態: ALL，共 35 筆。
[2025-08-29 07:04:37] [alumi136] 查詢異常件報告成功，日期範圍: 2025-08-04 至 2025-08-28，狀態: ALL，共 35 筆。
[2025-08-29 07:08:12] [alumi136] 查詢異常件報告成功，日期範圍: 2025-08-18 至 2025-08-26，狀態: LEAK_MISMATCH，共 141 筆。
[2025-08-29 07:09:06] [alumi136] 查詢異常件報告成功，日期範圍: 2025-08-18 至 2025-08-26，狀態: LEAK_MISMATCH，共 141 筆。
[2025-08-29 07:15:31] [alumi136] 查詢異常件報告成功，日期範圍: 2025-08-28 至 2025-08-28，狀態: LEAK_MISMATCH，共 311 筆。
[2025-08-29 07:15:43] [alumi136] 查詢異常件報告成功，日期範圍: 2025-08-28 至 2025-08-28，狀態: LEAK_MISMATCH，共 311 筆。
[2025-08-29 07:16:16] [alumi136] 查詢異常件報告，日期範圍: 2025-08-28 至 2025-08-28，狀態: LEAK_MISMATCH_NONZERO_OUT，無資料。
[2025-09-01 03:29:25] [shelly] 查詢異常件報告成功，日期範圍: 2025-08-01 至 2025-08-30，狀態: ALL，共 42 筆。
[2025-09-01 03:29:25] [shelly] 查詢異常件報告成功，日期範圍: 2025-08-01 至 2025-08-30，狀態: ALL，共 42 筆。
[2025-09-01 03:29:26] [shelly] 查詢異常件報告成功，日期範圍: 2025-08-01 至 2025-08-30，狀態: ALL，共 42 筆。
[2025-09-03 08:51:26] [kevin] 查詢異常件報告成功，日期範圍: 2025-09-02 至 2025-09-02，狀態: ALL，共 2 筆。
[2025-09-03 08:51:27] [kevin] 查詢異常件報告成功，日期範圍: 2025-09-02 至 2025-09-02，狀態: ALL，共 2 筆。
[2025-09-03 08:51:28] [kevin] 查詢異常件報告成功，日期範圍: 2025-09-02 至 2025-09-02，狀態: ALL，共 2 筆。
[2025-09-03 08:52:13] [kevin] 查詢異常件報告成功，日期範圍: 2025-09-02 至 2025-09-02，狀態: LEAK_MISMATCH，共 337 筆。
[2025-09-03 08:52:42] [kevin] 查詢異常件報告，日期範圍: 2025-09-02 至 2025-09-02，狀態: LEAK_MISMATCH_NONZERO_OUT，無資料。
[2025-09-04 04:42:28] [kevin] 查詢異常件報告成功，日期範圍: 2025-08-11 至 2025-09-01，狀態: LEAK_MISMATCH_NONZERO_OUT，共 15 筆。
[2025-09-04 04:46:11] [kevin] 查詢異常件報告成功，日期範圍: 2025-08-04 至 2025-08-29，狀態: LEAK_MISMATCH_NONZERO_OUT，共 16 筆。
[2025-09-04 04:49:13] [kevin] 查詢異常件報告成功，日期範圍: 2025-08-04 至 2025-08-29，狀態: LEAK_MISMATCH，共 168 筆。
[2025-09-04 04:50:10] [kevin] 查詢異常件報告成功，日期範圍: 2025-09-03 至 2025-09-04，狀態: LEAK_MISMATCH，共 326 筆。
[2025-09-04 04:51:16] [kevin] 查詢異常件報告成功，日期範圍: 2025-08-18 至 2025-09-04，狀態: LEAK_MISMATCH_NONZERO_OUT，共 16 筆。
[2025-09-04 08:44:17] [kevin] 查詢異常件報告成功，日期範圍: 2025-09-03 至 2025-09-03，狀態: LEAK_MISMATCH，共 326 筆。
[2025-09-04 08:44:29] [kevin] 查詢異常件報告，日期範圍: 2025-09-03 至 2025-09-03，狀態: LEAK_MISMATCH_NONZERO_OUT，無資料。
[2025-09-05 05:49:09] [alumi136] 查詢異常件報告成功，日期範圍: 2025-08-01 至 2025-08-31，狀態: LEAK_MISMATCH_NONZERO_OUT，共 18 筆。
[2025-09-05 05:49:10] [alumi136] 查詢異常件報告成功，日期範圍: 2025-08-01 至 2025-08-31，狀態: LEAK_MISMATCH_NONZERO_OUT，共 18 筆。
[2025-09-05 05:49:11] [alumi136] 查詢異常件報告成功，日期範圍: 2025-08-01 至 2025-08-30，狀態: LEAK_MISMATCH_NONZERO_OUT，共 18 筆。
[2025-09-05 05:49:12] [alumi136] 查詢異常件報告成功，日期範圍: 2025-08-01 至 2025-08-30，狀態: LEAK_MISMATCH_NONZERO_OUT，共 18 筆。
[2025-09-05 05:55:10] [alumi136] 查詢異常件報告成功，日期範圍: 2025-08-01 至 2025-08-31，狀態: LEAK_MISMATCH_NONZERO_OUT，共 17 筆。
[2025-09-05 05:56:09] [alumi136] 查詢異常件報告成功，日期範圍: 2025-08-01 至 2025-08-31，狀態: 3，共 116 筆。
[2025-09-05 05:56:14] [alumi136] 查詢異常件報告成功，日期範圍: 2025-08-01 至 2025-08-31，狀態: 3，共 116 筆。
[2025-09-05 05:56:33] [alumi136] 查詢異常件報告成功，日期範圍: 2025-08-01 至 2025-08-31，狀態: 3，共 116 筆。
[2025-09-05 05:56:39] [alumi136] 查詢異常件報告成功，日期範圍: 2025-08-01 至 2025-08-31，狀態: 3，共 116 筆。
[2025-09-05 05:57:31] [alumi136] 查詢異常件報告成功，日期範圍: 2025-08-28 至 2025-08-28，狀態: 3，共 1 筆。
[2025-09-05 05:58:22] [alumi136] 查詢異常件報告成功，日期範圍: 2025-08-01 至 2025-08-31，狀態: LEAK_MISMATCH，共 254 筆。
[2025-09-05 05:58:35] [alumi136] 查詢異常件報告成功，日期範圍: 2025-08-01 至 2025-08-31，狀態: ALL，共 45 筆。
[2025-09-05 05:58:47] [alumi136] 查詢異常件報告成功，日期範圍: 2025-08-01 至 2025-08-31，狀態: LEAK_MISMATCH，共 254 筆。
[2025-09-08 02:26:15] [kevin] 查詢異常件報告成功，日期範圍: 2025-09-01 至 2025-09-08，狀態: LEAK_MISMATCH_NONZERO_OUT，共 3 筆。
[2025-09-08 02:27:27] [kevin] 查詢異常件報告成功，日期範圍: 2025-09-01 至 2025-09-08，狀態: LEAK_MISMATCH_NONZERO_OUT，共 3 筆。
[2025-09-08 02:31:14] [kevin] 查詢異常件報告成功，日期範圍: 2025-08-11 至 2025-09-08，狀態: LEAK_MISMATCH_NONZERO_OUT，共 16 筆。
[2025-09-08 06:36:51] [kevin] 查詢異常件報告成功，日期範圍: 2025-08-11 至 2025-09-08，狀態: LEAK_MISMATCH_NONZERO_OUT，共 16 筆。
[2025-09-08 06:37:35] [kevin] 查詢異常件報告成功，日期範圍: 2025-09-01 至 2025-09-08，狀態: LEAK_MISMATCH，共 53 筆。
[2025-09-08 06:37:47] [kevin] 查詢異常件報告成功，日期範圍: 2025-09-01 至 2025-09-08，狀態: LEAK_MISMATCH，共 53 筆。
[2025-09-08 06:38:02] [kevin] 查詢異常件報告成功，日期範圍: 2025-09-01 至 2025-09-08，狀態: LEAK_MISMATCH，共 53 筆。
[2025-09-08 06:41:19] [kevin] 查詢異常件報告成功，日期範圍: 2025-09-01 至 2025-09-08，狀態: LEAK_MISMATCH，共 53 筆。
[2025-09-08 06:43:44] [kevin] 查詢異常件報告成功，日期範圍: 2025-09-01 至 2025-09-08，狀態: ALL，共 19 筆。
[2025-09-08 06:46:09] [kevin] 查詢異常件報告成功，日期範圍: 2025-09-01 至 2025-09-08，狀態: LEAK_MISMATCH，共 53 筆。
[2025-09-08 06:46:12] [kevin] 查詢異常件報告成功，日期範圍: 2025-09-01 至 2025-09-08，狀態: LEAK_MISMATCH，共 53 筆。
[2025-09-08 06:50:12] [kevin] 查詢異常件報告成功，日期範圍: 2025-09-01 至 2025-09-08，狀態: LEAK_MISMATCH，共 53 筆。
[2025-09-08 06:50:28] [kevin] 查詢異常件報告成功，日期範圍: 2025-09-01 至 2025-09-08，狀態: LEAK_MISMATCH，共 53 筆。
[2025-09-08 07:41:21] [kevin] 查詢異常件報告成功，日期範圍: 2025-09-01 至 2025-09-08，狀態: LEAK_MISMATCH，共 53 筆。
[2025-09-09 09:41:41] [kevin] 查詢異常件報告，日期範圍: 2025-09-08 至 2025-09-09，狀態: LEAK_MISMATCH_NONZERO_OUT，無資料。
[2025-09-09 09:41:42] [kevin] 查詢異常件報告，日期範圍: 2025-09-08 至 2025-09-09，狀態: LEAK_MISMATCH_NONZERO_OUT，無資料。
[2025-09-09 09:41:43] [kevin] 查詢異常件報告，日期範圍: 2025-09-08 至 2025-09-09，狀態: LEAK_MISMATCH_NONZERO_OUT，無資料。
[2025-09-09 09:41:50] [kevin] 查詢異常件報告成功，日期範圍: 2025-09-08 至 2025-09-09，狀態: LEAK_MISMATCH，共 238 筆。
[2025-09-09 09:42:12] [kevin] 查詢異常件報告成功，日期範圍: 2025-09-01 至 2025-09-09，狀態: LEAK_MISMATCH_NONZERO_OUT，共 2 筆。
[2025-09-09 09:42:50] [kevin] 查詢異常件報告成功，日期範圍: 2025-08-18 至 2025-09-09，狀態: LEAK_MISMATCH_NONZERO_OUT，共 14 筆。
[2025-09-11 04:36:01] [alumi136] 查詢異常件報告成功，日期範圍: 2025-09-01 至 2025-09-04，狀態: ALL，共 18 筆。
[2025-09-11 04:36:02] [alumi136] 查詢異常件報告成功，日期範圍: 2025-09-01 至 2025-09-04，狀態: ALL，共 18 筆。
